<html>
<body>
<pre>
<h1>µVision Build Log</h1>
<h2>Project:</h2>
E:\projects\arm\Lab 4\Lab4\Lab4.uvproj
Project File Date:  05/09/2022

<h2>Output:</h2>
Rebuild target 'Target 1'
assembling startup_TM4C123.s...
compiling Source.c...
compiling PortF.c...
compiling SystickDelay.c...
SystickDelay.c(4): warning:  #177-D: function "initSystickTimer" was declared but never referenced
  static void initSystickTimer(void){
SystickDelay.c: 1 warning, 0 errors
linking...
Program Size: Code=996 RO-data=652 RW-data=4 ZI-data=612  
".\Lab4.axf" - 0 Error(s), 1 Warning(s).
</pre>
</body>
</html>
ab 4\\Lab4\\Lab4.axf" 
Connecting: Mode=JTAG, Speed=1000000Hz
Erase Done.
Programming Done.
Verify OK.

Download failed  -  Could not load file 'E:\projects\arm\Lab 4\Lab4\Lab4.axf'
000000Hz
Erase Done.
Programming Done.
Verify OK.
Download failed  -  Could not load file 'E:\projects\arm\Lab 4\Lab4\Lab4.axf'
1000000Hz
Erase Done.
Programming Done.
Verify OK.
 warning, 6 errors
".\Lab4.axf" - 6 Error(s), 1 Warning(s).
Target not created
rget not created
 errors
linking...
Program Size: Code=812 RO-data=636 RW-data=0 ZI-data=608  
".\Lab4.axf" - 0 Error(s), 7 Warning(s).
ay.c: 4 warnings, 0 errors
linking...
Program Size: Code=696 RO-data=636 RW-data=0 ZI-data=608  
".\Lab4.axf" - 0 Error(s), 8 Warning(s).
r messages.
".\Lab4.axf" - 1 Error(s), 7 Warning(s).
Target not created

Target not created
